// Jest Snapshot v1, https://goo.gl/fbAQLP

exports[`CryptoCard renders correctly 1`] = `
<RNCSafeAreaProvider
  onInsetsChange={[Function]}
  style={
    [
      {
        "flex": 1,
      },
      undefined,
    ]
  }
>
  <View
    collapsable={false}
    pointerEvents="box-none"
    style={
      {
        "flex": 1,
      }
    }
  >
    <View
      collapsable={false}
      style={
        {
          "backgroundColor": "#fff",
          "borderRadius": 12,
          "marginBottom": 16,
          "shadowColor": "#000",
          "shadowOffset": {
            "height": 1,
            "width": 0,
          },
          "shadowOpacity": 0.15,
          "shadowRadius": 3,
        }
      }
      testID="card-container-outer-layer"
    >
      <View
        collapsable={false}
        style={
          {
            "backgroundColor": "#fff",
            "borderRadius": 12,
            "elevation": 1,
            "flex": undefined,
            "shadowColor": "#000",
            "shadowOffset": {
              "height": 1,
              "width": 0,
            },
            "shadowOpacity": 0.3,
            "shadowRadius": 1,
          }
        }
        testID="card-container"
      >
        <View
          accessibilityState={
            {
              "busy": undefined,
              "checked": undefined,
              "disabled": undefined,
              "expanded": undefined,
              "selected": undefined,
            }
          }
          accessibilityValue={
            {
              "max": undefined,
              "min": undefined,
              "now": undefined,
              "text": undefined,
            }
          }
          accessible={true}
          collapsable={false}
          focusable={true}
          onBlur={[Function]}
          onClick={[Function]}
          onFocus={[Function]}
          onResponderGrant={[Function]}
          onResponderMove={[Function]}
          onResponderRelease={[Function]}
          onResponderTerminate={[Function]}
          onResponderTerminationRequest={[Function]}
          onStartShouldSetResponder={[Function]}
        >
          <View
            style={
              [
                {
                  "flexShrink": 1,
                },
                undefined,
              ]
            }
            testID="card"
          >
            <View
              borderRadiusStyles={
                {
                  "borderRadius": 12,
                }
              }
              style={
                [
                  {
                    "paddingHorizontal": 16,
                  },
                  {
                    "paddingVertical": 16,
                  },
                  undefined,
                ]
              }
            >
              <Text
                style={
                  [
                    {
                      "textAlign": "left",
                    },
                    {
                      "color": "rgba(28, 27, 31, 1)",
                      "writingDirection": "ltr",
                    },
                    [
                      {
                        "fontFamily": "System",
                        "fontSize": 24,
                        "fontWeight": "400",
                        "letterSpacing": 0,
                        "lineHeight": 32,
                      },
                      undefined,
                    ],
                  ]
                }
              >
                Bitcoin
                 (
                BTC
                )
              </Text>
              <Text
                style={
                  [
                    {
                      "textAlign": "left",
                    },
                    {
                      "color": "rgba(28, 27, 31, 1)",
                      "writingDirection": "ltr",
                    },
                    [
                      {
                        "fontFamily": "System",
                        "fontSize": 16,
                        "fontWeight": "500",
                        "letterSpacing": 0.15,
                        "lineHeight": 24,
                      },
                      [
                        {
                          "marginBottom": 8,
                        },
                        {
                          "color": "rgba(103, 80, 164, 1)",
                        },
                      ],
                    ],
                  ]
                }
              >
                USD $
                45000.00
              </Text>
              <Text
                style={
                  [
                    {
                      "textAlign": "left",
                    },
                    {
                      "color": "rgba(28, 27, 31, 1)",
                      "fontFamily": "System",
                      "fontWeight": "400",
                      "letterSpacing": 0,
                    },
                    {
                      "writingDirection": "ltr",
                    },
                    undefined,
                  ]
                }
              >
                Rank: 
                1
              </Text>
              <Text
                style={
                  [
                    {
                      "textAlign": "left",
                    },
                    {
                      "color": "rgba(28, 27, 31, 1)",
                      "fontFamily": "System",
                      "fontWeight": "400",
                      "letterSpacing": 0,
                    },
                    {
                      "writingDirection": "ltr",
                    },
                    undefined,
                  ]
                }
              >
                Market Cap: $
                850.000.000.000
              </Text>
              <Text
                style={
                  [
                    {
                      "textAlign": "left",
                    },
                    {
                      "color": "rgba(28, 27, 31, 1)",
                      "fontFamily": "System",
                      "fontWeight": "400",
                      "letterSpacing": 0,
                    },
                    {
                      "writingDirection": "ltr",
                    },
                    undefined,
                  ]
                }
              >
                Supply: 
                19.000.000
              </Text>
              <Text
                style={
                  [
                    {
                      "textAlign": "left",
                    },
                    {
                      "color": "rgba(28, 27, 31, 1)",
                      "fontFamily": "System",
                      "fontWeight": "400",
                      "letterSpacing": 0,
                    },
                    {
                      "writingDirection": "ltr",
                    },
                    undefined,
                  ]
                }
              >
                Change 24h: 
                2.5
                %
              </Text>
            </View>
          </View>
        </View>
      </View>
    </View>
  </View>
</RNCSafeAreaProvider>
`;
