// Jest Snapshot v1, https://goo.gl/fbAQLP

exports[`SearchbarHeader renders correctly 1`] = `
<RNCSafeAreaProvider
  onInsetsChange={[Function]}
  style={
    [
      {
        "flex": 1,
      },
      undefined,
    ]
  }
>
  <View
    collapsable={false}
    pointerEvents="box-none"
    style={
      {
        "flex": 1,
      }
    }
  >
    <View
      collapsable={false}
      style={
        {
          "backgroundColor": "#fff",
          "borderRadius": 8,
          "marginBottom": 16,
          "shadowColor": "#000",
          "shadowOffset": {
            "height": 0,
            "width": 0,
          },
          "shadowOpacity": 0,
          "shadowRadius": 0,
        }
      }
      testID="search-bar-container-outer-layer"
    >
      <View
        collapsable={false}
        style={
          {
            "alignItems": "center",
            "backgroundColor": "#fff",
            "borderColor": "#e0e0e0",
            "borderRadius": 8,
            "borderWidth": 1,
            "flex": undefined,
            "flexDirection": "row",
            "shadowColor": "#000",
            "shadowOffset": {
              "height": 0,
              "width": 0,
            },
            "shadowOpacity": 0,
            "shadowRadius": 0,
          }
        }
        testID="search-bar-container"
      >
        <View
          collapsable={false}
          style={
            {
              "backgroundColor": "transparent",
              "borderRadius": 20,
              "height": 40,
              "margin": 6,
              "shadowColor": "#000",
              "shadowOffset": {
                "height": 0,
                "width": 0,
              },
              "shadowOpacity": 0,
              "shadowRadius": 0,
              "width": 40,
            }
          }
          testID="search-bar-icon-container-outer-layer"
        >
          <View
            collapsable={false}
            style={
              {
                "backgroundColor": "transparent",
                "borderColor": "rgba(121, 116, 126, 1)",
                "borderRadius": 20,
                "borderWidth": 0,
                "elevation": 0,
                "flex": 1,
                "overflow": "hidden",
                "shadowColor": "#000",
                "shadowOffset": {
                  "height": 0,
                  "width": 0,
                },
                "shadowOpacity": 0,
                "shadowRadius": 0,
              }
            }
            testID="search-bar-icon-container"
          >
            <View
              accessibilityComponentType="button"
              accessibilityLabel="search"
              accessibilityRole="button"
              accessibilityState={
                {
                  "busy": undefined,
                  "checked": undefined,
                  "disabled": true,
                  "expanded": undefined,
                  "selected": undefined,
                }
              }
              accessibilityTraits="button"
              accessibilityValue={
                {
                  "max": undefined,
                  "min": undefined,
                  "now": undefined,
                  "text": undefined,
                }
              }
              accessible={true}
              centered={true}
              collapsable={false}
              focusable={true}
              hitSlop={
                {
                  "bottom": 6,
                  "left": 6,
                  "right": 6,
                  "top": 6,
                }
              }
              onBlur={[Function]}
              onClick={[Function]}
              onFocus={[Function]}
              onResponderGrant={[Function]}
              onResponderMove={[Function]}
              onResponderRelease={[Function]}
              onResponderTerminate={[Function]}
              onResponderTerminationRequest={[Function]}
              onStartShouldSetResponder={[Function]}
              style={
                [
                  {
                    "overflow": "hidden",
                  },
                  [
                    {
                      "alignItems": "center",
                      "flexGrow": 1,
                      "justifyContent": "center",
                    },
                    undefined,
                  ],
                ]
              }
              testID="search-bar-icon"
            >
              <Text />
            </View>
          </View>
        </View>
        <TextInput
          accessibilityRole="search"
          keyboardAppearance="light"
          onChangeText={[Function]}
          placeholder="Search cryptocurrency"
          placeholderTextColor="rgba(28, 27, 31, 1)"
          returnKeyType="search"
          selectionColor="rgba(103, 80, 164, 1)"
          style={
            [
              {
                "alignSelf": "stretch",
                "flex": 1,
                "fontSize": 18,
                "minWidth": 0,
                "paddingLeft": 8,
                "textAlign": "left",
              },
              {
                "color": "rgba(73, 69, 79, 1)",
                "fontFamily": "System",
                "fontSize": 16,
                "fontWeight": "400",
                "letterSpacing": 0.15,
                "lineHeight": 0,
              },
              {
                "minHeight": 56,
                "paddingLeft": 0,
              },
              undefined,
            ]
          }
          testID="search-bar"
          underlineColorAndroid="transparent"
          value="BTC"
        />
        <View
          pointerEvents="auto"
          style={
            [
              false,
              false,
            ]
          }
          testID="search-bar-icon-wrapper"
        >
          <View
            collapsable={false}
            style={
              {
                "backgroundColor": "transparent",
                "borderRadius": 20,
                "height": 40,
                "margin": 6,
                "shadowColor": "#000",
                "shadowOffset": {
                  "height": 0,
                  "width": 0,
                },
                "shadowOpacity": 0,
                "shadowRadius": 0,
                "width": 40,
              }
            }
            testID="search-bar-clear-icon-container-outer-layer"
          >
            <View
              collapsable={false}
              style={
                {
                  "backgroundColor": "transparent",
                  "borderColor": "rgba(121, 116, 126, 1)",
                  "borderRadius": 20,
                  "borderWidth": 0,
                  "elevation": 0,
                  "flex": 1,
                  "overflow": "hidden",
                  "shadowColor": "#000",
                  "shadowOffset": {
                    "height": 0,
                    "width": 0,
                  },
                  "shadowOpacity": 0,
                  "shadowRadius": 0,
                }
              }
              testID="search-bar-clear-icon-container"
            >
              <View
                accessibilityComponentType="button"
                accessibilityLabel="clear"
                accessibilityRole="button"
                accessibilityState={
                  {
                    "busy": undefined,
                    "checked": undefined,
                    "disabled": false,
                    "expanded": undefined,
                    "selected": undefined,
                  }
                }
                accessibilityTraits="button"
                accessibilityValue={
                  {
                    "max": undefined,
                    "min": undefined,
                    "now": undefined,
                    "text": undefined,
                  }
                }
                accessible={true}
                centered={true}
                collapsable={false}
                focusable={true}
                hitSlop={
                  {
                    "bottom": 6,
                    "left": 6,
                    "right": 6,
                    "top": 6,
                  }
                }
                onBlur={[Function]}
                onClick={[Function]}
                onFocus={[Function]}
                onResponderGrant={[Function]}
                onResponderMove={[Function]}
                onResponderRelease={[Function]}
                onResponderTerminate={[Function]}
                onResponderTerminationRequest={[Function]}
                onStartShouldSetResponder={[Function]}
                style={
                  [
                    {
                      "overflow": "hidden",
                    },
                    [
                      {
                        "alignItems": "center",
                        "flexGrow": 1,
                        "justifyContent": "center",
                      },
                      undefined,
                    ],
                  ]
                }
                testID="search-bar-clear-icon"
              >
                <Text />
              </View>
            </View>
          </View>
        </View>
      </View>
    </View>
  </View>
</RNCSafeAreaProvider>
`;
